// Jest Snapshot v1, https://goo.gl/fbAQLP

exports[`<Card /> matches snapshot 1`] = `
<div>
  <article
    class="sc-dlfnbm rBwJX"
  >
    <img
      alt="soul"
      class="sc-bdfBwQ dhhuN"
      src="https://image.tmdb.org/t/p/original/kf456ZqeC45XTvo6W9pW5clYKfQ.jpg"
    />
    <p
      class="sc-gsTCUz dookHH"
    >
      soul
    </p>
  </article>
</div>
`;
